0
11
0
0
0
495
0
0
0
5940
0
0
0
27720
0
0
0
58212
0
0
0
58212
0
0
0
27720
0
0
0
5940
0
0
0
495
0
0
0
11
0
0
