20
0
3800
0
216600
0
5523300
0
75116880
0
600935040
0
3004675200
0
9765194400
0
21157921200
0
31031617760
0
31031617760
0
21157921200
0
9765194400
0
3004675200
0
600935040
0
75116880
0
5523300
0
216600
0
3800
0
20
0
