3
8
81
255
726
1665
2983
4445
5496
5608
4607
3285
1744
780
240
64
0
0
0
0
