0
0
0
0
1296
14454
101715
534012
2226000
7819680
23089560
60066765
135040775
272144540
483618122
774128718
1108870500
1432230039
1669185620
1754305982
1669859978
1430655000
1110943809
773437800
486297556
272906404
136888690
60939707
23804825
8183786
2371794
611550
115992
22055
1925
260
0
0
0
0
