0
0
14
132
1334
7735
37850
150977
509092
1485768
3762276
8413002
16603834
29194092
45780294
64246059
80784507
91047040
91974690
83178175
67165168
48322387
30788754
17304002
8489949
3601969
1304069
391711
96064
17782
2372
178
4
0
0
0
0
0
0
0
