0
0
0
1
17
81
393
1502
4993
14724
38146
87629
179362
329607
544503
809879
1089959
1326217
1460774
1457235
1313425
1070930
787564
521616
309130
163747
77145
31875
11375
3552
935
184
35
5
0
0
0
0
0
0
