0
0
0
0
0
1
6
4
51
141
356
892
1878
3519
6093
9372
13078
16462
19052
19948
18888
16254
13014
9201
5975
3619
1921
966
394
160
56
16
5
1
0
0
0
0
0
0
