0
0
0
0
0
0
0
0
0
0
1
6
16
32
46
61
94
124
82
118
114
87
70
38
33
12
8
5
1
1
0
0
0
0
0
0
0
0
0
0
