18
0
1
0
0
0
0
0
28
0
0
0
20
22
18
0
0
0
0
1
15
0
0
0
36
0
89
2
34
10
0
0
78
0
0
0
10
0
0
0
3
0
1
0
0
0
0
2
0
6
0
0
1
34
0
56
0
0
0
0
0
0
0
0
0
5
19
27
2
0
41
46
0
44
9
1
0
0
0
0
4
4
0
0
2
0
0
41
0
1
0
0
0
0
0
0
0
2
0
56
0
2
1
82
0
3
0
0
17
6
0
0
0
2
1
14
0
0
0
2
0
3
0
5
0
0
1
16
1
0
0
1
0
6
0
0
1
0
8
1
0
77
7
0
26
3
0
0
0
0
0
0
0
0
0
1
0
0
1
1
0
1
1
1
0
0
67
0
0
5
0
0
0
14
1
0
1
0
0
0
1
0
0
0
0
0
0
43
0
4
0
0
1
1
3
84
0
0
0
0
0
0
5
2
0
43
0
0
1
14
7
0
20
0
32
0
0
14
0
3
0
0
0
31
0
7
0
9
2
68
0
0
0
0
2
0
8
0
0
0
2
2
2
1
33
0
1
0
37
0
2
7
4
5
0
16
0
11
39
1
3
0
0
0
0
1
3
11
0
0
17
6
0
0
0
0
0
0
0
0
1
0
6
5
0
3
0
0
0
0
30
0
1
0
1
2
0
6
0
1
18
4
3
4
0
0
2
0
12
0
86
0
0
33
27
1
4
2
10
74
36
34
0
5
6
0
0
0
48
17
83
9
0
85
4
3
1
0
0
0
1
2
4
0
0
2
19
0
0
0
